#PETSc Option Table entries:
-skip_petscrc
#End of PETSc Option Table entries
